// Jest Snapshot v1, https://goo.gl/fbAQLP

exports[`Banner screen tests renders correctly 1`] = `
<View
  accessibilityIgnoresInvertColors={true}
  style={
    Object {
      "flex": 1,
      "transform": Array [
        Object {
          "rotate": "180deg",
        },
      ],
    }
  }
>
  <Image
    resizeMode="cover"
    source={1}
    style={
      Array [
        Object {
          "bottom": 0,
          "left": 0,
          "position": "absolute",
          "right": 0,
          "top": 0,
        },
        Object {
          "height": undefined,
          "width": undefined,
        },
        undefined,
      ]
    }
  />
  <ViewManagerAdapter_ExpoLinearGradient
    proxiedProperties={
      Object {
        "colors": Array [
          0,
          4288585633,
        ],
        "endPoint": Array [
          0,
          1,
        ],
        "locations": undefined,
        "startPoint": Array [
          0,
          0.5,
        ],
      }
    }
    style={
      Object {
        "height": "100%",
        "opacity": 0.4,
        "position": "absolute",
        "width": "100%",
      }
    }
  />
  <SvgMock
    style={
      Object {
        "height": "100%",
        "opacity": 0.7,
        "position": "absolute",
        "width": "100%",
      }
    }
  />
  <RCTSafeAreaView
    emulateUnlessSupported={true}
    style={
      Array [
        Object {
          "paddingBottom": 10,
        },
        Object {
          "flex": 1,
          "padding": 16,
        },
      ]
    }
  >
    <View
      style={
        Object {
          "flex": 0.25,
        }
      }
    >
      <View
        style={
          Object {
            "height": "100%",
            "transform": Array [
              Object {
                "rotate": "180deg",
              },
            ],
            "width": "20%",
          }
        }
      >
        <View
          accessible={true}
          focusable={true}
          onClick={[Function]}
          onResponderGrant={[Function]}
          onResponderMove={[Function]}
          onResponderRelease={[Function]}
          onResponderTerminate={[Function]}
          onResponderTerminationRequest={[Function]}
          onStartShouldSetResponder={[Function]}
          style={
            Object {
              "height": "100%",
              "opacity": 1,
              "width": "100%",
            }
          }
        >
          <SvgMock />
        </View>
      </View>
    </View>
    <View
      style={
        Object {
          "alignItems": "center",
          "flex": 0.5,
        }
      }
    >
      <View
        style={
          Object {
            "alignItems": "center",
            "flexDirection": "row",
            "height": "100%",
            "justifyContent": "center",
            "paddingBottom": 4,
            "width": "100%",
          }
        }
      >
        <Text
          adjustsFontSizeToFit={true}
          mode="max_lines"
          numberOfLines={1}
          onTextLayout={[Function]}
          style={
            Array [
              Array [
                Object {
                  "alignSelf": "center",
                  "color": "#000",
                  "includeFontPadding": false,
                  "opacity": 0.5,
                  "position": "absolute",
                  "textAlign": "center",
                  "textShadowColor": "#000",
                  "textShadowRadius": 14,
                  "width": "90%",
                },
                Object {
                  "fontFamily": "default",
                  "textShadowOffset": Object {
                    "height": 5,
                    "width": 5,
                  },
                },
              ],
              Object {
                "fontSize": 200,
              },
            ]
          }
          testID="ndc_ast_nameShadow"
        />
        <Text
          adjustsFontSizeToFit={true}
          mode="max_lines"
          numberOfLines={1}
          onTextLayout={[Function]}
          style={
            Array [
              Array [
                Object {
                  "alignSelf": "center",
                  "includeFontPadding": false,
                  "position": "absolute",
                  "textAlign": "center",
                  "textShadowRadius": 1,
                  "width": "90%",
                },
                Object {
                  "color": "#7a7b7c",
                  "fontFamily": "default",
                  "textShadowColor": "#7a7b7c",
                  "textShadowOffset": Object {
                    "height": 2,
                    "width": -2,
                  },
                },
              ],
              Object {
                "fontSize": 200,
              },
            ]
          }
          testID="ndc_ast_nameBevelMedA"
        />
        <Text
          adjustsFontSizeToFit={true}
          mode="max_lines"
          numberOfLines={1}
          onTextLayout={[Function]}
          style={
            Array [
              Array [
                Object {
                  "alignSelf": "center",
                  "includeFontPadding": false,
                  "position": "absolute",
                  "textAlign": "center",
                  "textShadowRadius": 1,
                  "width": "90%",
                },
                Object {
                  "color": "#7a7b7c",
                  "fontFamily": "default",
                  "textShadowColor": "#7a7b7c",
                  "textShadowOffset": Object {
                    "height": -2,
                    "width": 2,
                  },
                },
              ],
              Object {
                "fontSize": 200,
              },
            ]
          }
          testID="ndc_ast_nameBevelMedB"
        />
        <Text
          adjustsFontSizeToFit={true}
          mode="max_lines"
          numberOfLines={1}
          onTextLayout={[Function]}
          style={
            Array [
              Array [
                Object {
                  "alignSelf": "center",
                  "includeFontPadding": false,
                  "position": "absolute",
                  "textAlign": "center",
                  "textShadowRadius": 1,
                  "width": "90%",
                },
                Object {
                  "color": "#bcbec0",
                  "fontFamily": "default",
                  "textShadowColor": "#bcbec0",
                  "textShadowOffset": Object {
                    "height": -2,
                    "width": -2,
                  },
                },
              ],
              Object {
                "fontSize": 200,
              },
            ]
          }
          testID="ndc_ast_nameBevelLight"
        />
        <Text
          adjustsFontSizeToFit={true}
          mode="max_lines"
          numberOfLines={1}
          onTextLayout={[Function]}
          style={
            Array [
              Array [
                Object {
                  "alignSelf": "center",
                  "includeFontPadding": false,
                  "position": "absolute",
                  "textAlign": "center",
                  "textShadowRadius": 1,
                  "width": "90%",
                },
                Object {
                  "color": "#414042",
                  "fontFamily": "default",
                  "textShadowColor": "#414042",
                  "textShadowOffset": Object {
                    "height": 2,
                    "width": 2,
                  },
                },
              ],
              Object {
                "fontSize": 200,
              },
            ]
          }
          testID="ndc_ast_nameBevelDark"
        />
        <Text
          adjustsFontSizeToFit={true}
          mode="max_lines"
          numberOfLines={1}
          onTextLayout={[Function]}
          style={
            Array [
              Array [
                Object {
                  "alignSelf": "center",
                  "includeFontPadding": false,
                  "position": "absolute",
                  "textAlign": "center",
                  "width": "90%",
                },
                Object {
                  "color": "#9e9fa1",
                  "fontFamily": "default",
                },
              ],
              Object {
                "fontSize": 200,
              },
            ]
          }
          testID="ndc_ast_nameFill"
        />
        <Text
          style={
            Array [
              Object {
                "color": "#fff",
                "fontFamily": "Avenir",
                "fontSize": 16,
                "width": "100%",
              },
              Object {
                "alignSelf": "flex-end",
                "position": "absolute",
                "textAlign": "center",
              },
            ]
          }
        >
          <Text
            style={
              Array [
                Object {
                  "color": "#fff",
                  "fontFamily": "Avenir",
                  "fontSize": 16,
                  "width": "100%",
                },
                Object {
                  "color": "#bcbec0",
                  "fontSize": 20,
                  "fontWeight": "bold",
                  "textAlign": "center",
                },
              ]
            }
          >
            (The 
          </Text>
          <Text
            style={
              Array [
                Object {
                  "color": "#fff",
                  "fontFamily": "Avenir",
                  "fontSize": 16,
                  "width": "100%",
                },
                Object {
                  "fontSize": 20,
                  "fontStyle": "italic",
                  "fontWeight": "bold",
                  "textAlign": "center",
                },
              ]
            }
            testID="ndc_txt_trait"
          >
            ???
          </Text>
          <Text
            style={
              Array [
                Object {
                  "color": "#fff",
                  "fontFamily": "Avenir",
                  "fontSize": 16,
                  "width": "100%",
                },
                Object {
                  "color": "#bcbec0",
                  "fontSize": 20,
                  "fontWeight": "bold",
                  "textAlign": "center",
                },
              ]
            }
          >
             ones)
          </Text>
        </Text>
      </View>
    </View>
    <View
      style={
        Object {
          "alignItems": "center",
          "flex": 0.25,
        }
      }
    >
      <View
        style={
          Object {
            "height": "100%",
            "width": "100%",
          }
        }
      >
        <View
          style={
            Object {
              "alignItems": "center",
              "flex": 1,
              "justifyContent": "center",
            }
          }
        >
          <View
            style={
              Object {
                "borderColor": "#bcbec0",
                "borderWidth": 6,
                "height": "65%",
                "justifyContent": "center",
                "overflow": "hidden",
                "padding": 4,
                "width": "90%",
              }
            }
          >
            <ViewManagerAdapter_ExpoLinearGradient
              proxiedProperties={
                Object {
                  "colors": Array [
                    4279925848,
                    4283417276,
                  ],
                  "endPoint": Array [
                    1,
                    0,
                  ],
                  "locations": undefined,
                  "startPoint": Array [
                    0,
                    0,
                  ],
                }
              }
              style={
                Object {
                  "height": "100%",
                  "width": undefined,
                }
              }
              testID="comp_healthBar_bar"
            />
            <Text
              style={
                Array [
                  Object {
                    "color": "#fff",
                    "fontFamily": "Avenir",
                    "fontSize": 16,
                    "width": "100%",
                  },
                  Object {
                    "alignSelf": "center",
                    "position": "absolute",
                    "textAlign": "center",
                  },
                ]
              }
            >
              <Text
                style={
                  Array [
                    Object {
                      "color": "#fff",
                      "fontFamily": "Avenir",
                      "fontSize": 16,
                      "width": "100%",
                    },
                    Object {
                      "fontSize": 40,
                      "fontWeight": "bold",
                    },
                  ]
                }
              />
              <Text
                style={
                  Array [
                    Object {
                      "color": "#fff",
                      "fontFamily": "Avenir",
                      "fontSize": 16,
                      "width": "100%",
                    },
                    Object {
                      "color": "#bcbec0",
                      "fontFamily": "default",
                      "fontSize": 40,
                      "lineHeight": 80,
                    },
                  ]
                }
                testID="comp_healthBar_hpLabel"
              >
                HP
              </Text>
            </Text>
          </View>
        </View>
      </View>
    </View>
  </RCTSafeAreaView>
</View>
`;
