// Jest Snapshot v1, https://goo.gl/fbAQLP

exports[`Home screen tests renders correctly 1`] = `
<View
  accessibilityIgnoresInvertColors={true}
  style={
    Object {
      "flex": 1,
    }
  }
>
  <Image
    resizeMode="cover"
    source={1}
    style={
      Array [
        Object {
          "bottom": 0,
          "left": 0,
          "position": "absolute",
          "right": 0,
          "top": 0,
        },
        Object {
          "height": undefined,
          "width": undefined,
        },
        undefined,
      ]
    }
  />
  <RCTSafeAreaView
    emulateUnlessSupported={true}
    style={
      Array [
        Object {
          "paddingTop": 20,
        },
        Object {
          "flex": 1,
        },
      ]
    }
  >
    <View
      style={
        Object {
          "alignItems": "center",
          "flex": 0.6,
        }
      }
    >
      <SvgMock
        style={
          Object {
            "height": "48.2%",
            "marginTop": 10,
            "width": "85%",
          }
        }
      />
    </View>
    <View
      style={
        Object {
          "alignItems": "center",
          "flex": 0.18,
          "justifyContent": "center",
        }
      }
    >
      <SvgMock
        style={
          Object {
            "position": "absolute",
          }
        }
      />
      <View
        style={
          Object {
            "height": "85%",
            "paddingBottom": 14,
            "paddingHorizontal": 40,
            "width": "100%",
          }
        }
      >
        <View
          accessible={true}
          focusable={true}
          onClick={[Function]}
          onResponderGrant={[Function]}
          onResponderMove={[Function]}
          onResponderRelease={[Function]}
          onResponderTerminate={[Function]}
          onResponderTerminationRequest={[Function]}
          onStartShouldSetResponder={[Function]}
          style={
            Object {
              "height": "100%",
              "opacity": 1,
              "width": "100%",
            }
          }
        >
          <SvgMock />
        </View>
      </View>
    </View>
    <View
      style={
        Object {
          "alignItems": "center",
          "flex": 0.22,
        }
      }
    >
      <View
        style={
          Object {
            "height": "100%",
            "width": "55%",
          }
        }
      >
        <Text
          style={
            Array [
              Object {
                "color": "#fff",
                "fontFamily": "Avenir",
                "fontSize": 16,
                "width": "100%",
              },
              Object {
                "fontSize": 12,
                "marginTop": 15,
                "textAlign": "center",
              },
            ]
          }
        >
          <Text
            style={
              Array [
                Object {
                  "color": "#fff",
                  "fontFamily": "Avenir",
                  "fontSize": 16,
                  "width": "100%",
                },
                Object {
                  "fontSize": 12,
                  "fontWeight": "bold",
                },
              ]
            }
          >
            DISCLAIMER: 
          </Text>
          <Text
            style={
              Array [
                Object {
                  "color": "#fff",
                  "fontFamily": "Avenir",
                  "fontSize": 16,
                  "width": "100%",
                },
                Object {
                  "fontSize": 12,
                  "marginTop": 15,
                  "textAlign": "center",
                },
              ]
            }
          >
            This is a companion app for the 
          </Text>
          <Text
            style={
              Array [
                Object {
                  "color": "#fff",
                  "fontFamily": "Avenir",
                  "fontSize": 16,
                  "width": "100%",
                },
                Object {
                  "fontSize": 12,
                  "fontStyle": "italic",
                },
              ]
            }
          >
            Knife Fight
          </Text>
          <Text
            style={
              Array [
                Object {
                  "color": "#fff",
                  "fontFamily": "Avenir",
                  "fontSize": 16,
                  "width": "100%",
                },
                Object {
                  "fontSize": 12,
                  "marginTop": 15,
                  "textAlign": "center",
                },
              ]
            }
          >
             board game, not a standalone game.
          </Text>
        </Text>
        <View
          style={
            Object {
              "alignItems": "center",
              "flex": 1,
              "flexDirection": "row",
            }
          }
        >
          <Image
            source={1}
            style={
              Object {
                "flex": 1,
                "height": "100%",
                "marginEnd": 30,
                "opacity": 0.5,
                "resizeMode": "contain",
              }
            }
          />
          <SvgMock
            style={
              Object {
                "height": "100%",
                "opacity": 0.5,
                "width": "30%",
              }
            }
          />
        </View>
      </View>
    </View>
  </RCTSafeAreaView>
</View>
`;
