// Jest Snapshot v1, https://goo.gl/fbAQLP

exports[`Setup first screen tests renders first Setup screen correctly 1`] = `
<View
  accessibilityIgnoresInvertColors={true}
  style={
    Object {
      "flex": 1,
    }
  }
>
  <Image
    resizeMode="cover"
    source={1}
    style={
      Array [
        Object {
          "bottom": 0,
          "left": 0,
          "position": "absolute",
          "right": 0,
          "top": 0,
        },
        Object {
          "height": undefined,
          "width": undefined,
        },
        undefined,
      ]
    }
  />
  <RCTSafeAreaView
    emulateUnlessSupported={true}
    style={
      Array [
        Object {
          "paddingTop": 20,
        },
        Object {
          "flex": 1,
        },
      ]
    }
  >
    <View
      style={
        Object {
          "alignItems": "center",
          "flex": 0.3,
        }
      }
    />
    <View
      style={
        Object {
          "alignItems": "center",
          "flex": 0.4,
          "justifyContent": "center",
          "paddingHorizontal": 25,
        }
      }
    >
      <Text
        style={
          Array [
            Object {
              "color": "#fff",
              "fontFamily": "Avenir",
              "fontSize": 16,
              "width": "100%",
            },
            Object {
              "fontFamily": "default",
              "fontSize": 50,
              "textAlign": "center",
            },
          ]
        }
      >
        First...
      </Text>
      <Text
        style={
          Array [
            Object {
              "color": "#fff",
              "fontFamily": "Avenir",
              "fontSize": 16,
              "width": "100%",
            },
            Object {
              "textAlign": "center",
            },
          ]
        }
      >
        Let's come up with a name for your gang.
      </Text>
      <View
        style={
          Array [
            Object {
              "alignItems": "center",
              "backgroundColor": "#414042",
              "borderColor": "#bcbec0",
              "borderRadius": 30,
              "borderWidth": 2,
              "marginVertical": 10,
              "padding": 15,
            },
            Object {
              "width": "100%",
            },
          ]
        }
      >
        <TextInput
          allowFontScaling={true}
          maxLength={22}
          placeholder="Name your gang"
          placeholderTextColor="#7a7b7c"
          rejectResponderTermination={true}
          style={
            Object {
              "color": "#fff",
              "fontSize": 20,
              "marginHorizontal": 20,
              "textAlign": "center",
            }
          }
          underlineColorAndroid="transparent"
        />
      </View>
      <View
        style={
          Object {
            "height": 40,
            "marginBottom": 15,
            "width": "85%",
          }
        }
      >
        <SvgMock
          accessible={true}
          focusable={false}
          onClick={[Function]}
          onResponderGrant={[Function]}
          onResponderMove={[Function]}
          onResponderRelease={[Function]}
          onResponderTerminate={[Function]}
          onResponderTerminationRequest={[Function]}
          onStartShouldSetResponder={[Function]}
        />
      </View>
      <View
        style={
          Object {
            "flexDirection": "row",
            "height": 90,
            "justifyContent": "space-between",
            "width": "90%",
          }
        }
      >
        <View
          accessible={true}
          focusable={true}
          onClick={[Function]}
          onResponderGrant={[Function]}
          onResponderMove={[Function]}
          onResponderRelease={[Function]}
          onResponderTerminate={[Function]}
          onResponderTerminationRequest={[Function]}
          onStartShouldSetResponder={[Function]}
          style={
            Object {
              "height": "100%",
              "opacity": 1,
              "width": "45%",
            }
          }
        >
          <SvgMock />
        </View>
        <View
          accessible={true}
          focusable={true}
          onClick={[Function]}
          onResponderGrant={[Function]}
          onResponderMove={[Function]}
          onResponderRelease={[Function]}
          onResponderTerminate={[Function]}
          onResponderTerminationRequest={[Function]}
          onStartShouldSetResponder={[Function]}
          style={
            Object {
              "height": "100%",
              "opacity": 1,
              "width": "45%",
            }
          }
        >
          <SvgMock />
        </View>
      </View>
    </View>
    <View
      style={
        Object {
          "alignItems": "center",
          "flex": 0.3,
        }
      }
    />
  </RCTSafeAreaView>
</View>
`;
