// Jest Snapshot v1, https://goo.gl/fbAQLP

exports[`Setup second screen tests renders second Setup screen correctly 1`] = `
<View
  accessibilityIgnoresInvertColors={true}
  style={
    Object {
      "flex": 1,
    }
  }
>
  <Image
    resizeMode="cover"
    source={1}
    style={
      Array [
        Object {
          "bottom": 0,
          "left": 0,
          "position": "absolute",
          "right": 0,
          "top": 0,
        },
        Object {
          "height": undefined,
          "width": undefined,
        },
        undefined,
      ]
    }
  />
  <RCTSafeAreaView
    emulateUnlessSupported={true}
    style={
      Array [
        Object {
          "paddingTop": 20,
        },
        Object {
          "flex": 1,
        },
      ]
    }
  >
    <View
      style={
        Object {
          "flex": 0.25,
        }
      }
    >
      <View
        style={
          Object {
            "height": 50,
            "marginStart": 35,
            "marginTop": 20,
            "width": 50,
          }
        }
      >
        <View
          accessible={true}
          focusable={true}
          onClick={[Function]}
          onResponderGrant={[Function]}
          onResponderMove={[Function]}
          onResponderRelease={[Function]}
          onResponderTerminate={[Function]}
          onResponderTerminationRequest={[Function]}
          onStartShouldSetResponder={[Function]}
          style={
            Object {
              "height": "100%",
              "opacity": 1,
              "width": "100%",
            }
          }
        >
          <SvgMock />
        </View>
      </View>
    </View>
    <View
      style={
        Object {
          "alignItems": "center",
          "flex": 0.5,
          "justifyContent": "center",
          "paddingHorizontal": 25,
        }
      }
    >
      <Text
        style={
          Array [
            Object {
              "color": "#fff",
              "fontFamily": "Avenir",
              "fontSize": 16,
              "width": "100%",
            },
            Object {
              "fontFamily": "default",
              "fontSize": 50,
              "textAlign": "center",
            },
          ]
        }
      >
        Next...
      </Text>
      <Text
        style={
          Array [
            Object {
              "color": "#fff",
              "fontFamily": "Avenir",
              "fontSize": 16,
              "width": "100%",
            },
            Object {
              "textAlign": "center",
            },
          ]
        }
      >
        Let's choose a gang color.
      </Text>
      <View
        style={
          Object {
            "height": "55%",
            "marginVertical": 6,
            "width": "95%",
          }
        }
      >
        <View
          style={
            Object {
              "flex": 1,
              "flexDirection": "row",
              "justifyContent": "space-between",
              "margin": 4,
            }
          }
        >
          <View
            style={
              Object {
                "alignItems": "center",
                "flex": 0.15,
                "justifyContent": "center",
              }
            }
          >
            <SvgMock
              style={
                Object {
                  "height": "90%",
                  "position": "absolute",
                  "width": "90%",
                }
              }
            />
            <View
              accessible={true}
              collapsable={false}
              focusable={true}
              onBlur={[Function]}
              onClick={[Function]}
              onFocus={[Function]}
              onResponderGrant={[Function]}
              onResponderMove={[Function]}
              onResponderRelease={[Function]}
              onResponderTerminate={[Function]}
              onResponderTerminationRequest={[Function]}
              onStartShouldSetResponder={[Function]}
              style={
                Object {
                  "height": "100%",
                  "width": "100%",
                }
              }
            />
          </View>
          <View
            style={
              Object {
                "alignItems": "center",
                "flex": 0.15,
                "justifyContent": "center",
              }
            }
          >
            <SvgMock
              style={
                Object {
                  "height": "90%",
                  "position": "absolute",
                  "width": "90%",
                }
              }
            />
            <View
              accessible={true}
              collapsable={false}
              focusable={true}
              onBlur={[Function]}
              onClick={[Function]}
              onFocus={[Function]}
              onResponderGrant={[Function]}
              onResponderMove={[Function]}
              onResponderRelease={[Function]}
              onResponderTerminate={[Function]}
              onResponderTerminationRequest={[Function]}
              onStartShouldSetResponder={[Function]}
              style={
                Object {
                  "height": "100%",
                  "width": "100%",
                }
              }
            />
          </View>
          <View
            style={
              Object {
                "alignItems": "center",
                "flex": 0.15,
                "justifyContent": "center",
              }
            }
          >
            <SvgMock
              style={
                Object {
                  "height": "90%",
                  "position": "absolute",
                  "width": "90%",
                }
              }
            />
            <View
              accessible={true}
              collapsable={false}
              focusable={true}
              onBlur={[Function]}
              onClick={[Function]}
              onFocus={[Function]}
              onResponderGrant={[Function]}
              onResponderMove={[Function]}
              onResponderRelease={[Function]}
              onResponderTerminate={[Function]}
              onResponderTerminationRequest={[Function]}
              onStartShouldSetResponder={[Function]}
              style={
                Object {
                  "height": "100%",
                  "width": "100%",
                }
              }
            />
          </View>
          <View
            style={
              Object {
                "alignItems": "center",
                "flex": 0.15,
                "justifyContent": "center",
              }
            }
          >
            <SvgMock
              style={
                Object {
                  "height": "90%",
                  "position": "absolute",
                  "width": "90%",
                }
              }
            />
            <View
              accessible={true}
              collapsable={false}
              focusable={true}
              onBlur={[Function]}
              onClick={[Function]}
              onFocus={[Function]}
              onResponderGrant={[Function]}
              onResponderMove={[Function]}
              onResponderRelease={[Function]}
              onResponderTerminate={[Function]}
              onResponderTerminationRequest={[Function]}
              onStartShouldSetResponder={[Function]}
              style={
                Object {
                  "height": "100%",
                  "width": "100%",
                }
              }
            />
          </View>
          <View
            style={
              Object {
                "alignItems": "center",
                "flex": 0.15,
                "justifyContent": "center",
              }
            }
          >
            <SvgMock
              style={
                Object {
                  "height": "90%",
                  "position": "absolute",
                  "width": "90%",
                }
              }
            />
            <View
              accessible={true}
              collapsable={false}
              focusable={true}
              onBlur={[Function]}
              onClick={[Function]}
              onFocus={[Function]}
              onResponderGrant={[Function]}
              onResponderMove={[Function]}
              onResponderRelease={[Function]}
              onResponderTerminate={[Function]}
              onResponderTerminationRequest={[Function]}
              onStartShouldSetResponder={[Function]}
              style={
                Object {
                  "height": "100%",
                  "width": "100%",
                }
              }
            />
          </View>
          <View
            style={
              Object {
                "alignItems": "center",
                "flex": 0.15,
                "justifyContent": "center",
              }
            }
          >
            <SvgMock
              style={
                Object {
                  "height": "90%",
                  "position": "absolute",
                  "width": "90%",
                }
              }
            />
            <View
              accessible={true}
              collapsable={false}
              focusable={true}
              onBlur={[Function]}
              onClick={[Function]}
              onFocus={[Function]}
              onResponderGrant={[Function]}
              onResponderMove={[Function]}
              onResponderRelease={[Function]}
              onResponderTerminate={[Function]}
              onResponderTerminationRequest={[Function]}
              onStartShouldSetResponder={[Function]}
              style={
                Object {
                  "height": "100%",
                  "width": "100%",
                }
              }
            />
          </View>
        </View>
        <View
          style={
            Object {
              "flex": 1,
              "flexDirection": "row",
              "justifyContent": "space-between",
              "margin": 4,
            }
          }
        >
          <View
            style={
              Object {
                "alignItems": "center",
                "flex": 0.15,
                "justifyContent": "center",
              }
            }
          >
            <SvgMock
              style={
                Object {
                  "height": "90%",
                  "position": "absolute",
                  "width": "90%",
                }
              }
            />
            <View
              accessible={true}
              collapsable={false}
              focusable={true}
              onBlur={[Function]}
              onClick={[Function]}
              onFocus={[Function]}
              onResponderGrant={[Function]}
              onResponderMove={[Function]}
              onResponderRelease={[Function]}
              onResponderTerminate={[Function]}
              onResponderTerminationRequest={[Function]}
              onStartShouldSetResponder={[Function]}
              style={
                Object {
                  "height": "100%",
                  "width": "100%",
                }
              }
            />
          </View>
          <View
            style={
              Object {
                "alignItems": "center",
                "flex": 0.15,
                "justifyContent": "center",
              }
            }
          >
            <SvgMock
              style={
                Object {
                  "height": "90%",
                  "position": "absolute",
                  "width": "90%",
                }
              }
            />
            <View
              accessible={true}
              collapsable={false}
              focusable={true}
              onBlur={[Function]}
              onClick={[Function]}
              onFocus={[Function]}
              onResponderGrant={[Function]}
              onResponderMove={[Function]}
              onResponderRelease={[Function]}
              onResponderTerminate={[Function]}
              onResponderTerminationRequest={[Function]}
              onStartShouldSetResponder={[Function]}
              style={
                Object {
                  "height": "100%",
                  "width": "100%",
                }
              }
            />
          </View>
          <View
            style={
              Object {
                "alignItems": "center",
                "flex": 0.15,
                "justifyContent": "center",
              }
            }
          >
            <SvgMock
              style={
                Object {
                  "height": "90%",
                  "position": "absolute",
                  "width": "90%",
                }
              }
            />
            <View
              accessible={true}
              collapsable={false}
              focusable={true}
              onBlur={[Function]}
              onClick={[Function]}
              onFocus={[Function]}
              onResponderGrant={[Function]}
              onResponderMove={[Function]}
              onResponderRelease={[Function]}
              onResponderTerminate={[Function]}
              onResponderTerminationRequest={[Function]}
              onStartShouldSetResponder={[Function]}
              style={
                Object {
                  "height": "100%",
                  "width": "100%",
                }
              }
            />
          </View>
          <View
            style={
              Object {
                "alignItems": "center",
                "flex": 0.15,
                "justifyContent": "center",
              }
            }
          >
            <SvgMock
              style={
                Object {
                  "height": "90%",
                  "position": "absolute",
                  "width": "90%",
                }
              }
            />
            <View
              accessible={true}
              collapsable={false}
              focusable={true}
              onBlur={[Function]}
              onClick={[Function]}
              onFocus={[Function]}
              onResponderGrant={[Function]}
              onResponderMove={[Function]}
              onResponderRelease={[Function]}
              onResponderTerminate={[Function]}
              onResponderTerminationRequest={[Function]}
              onStartShouldSetResponder={[Function]}
              style={
                Object {
                  "height": "100%",
                  "width": "100%",
                }
              }
            />
          </View>
          <View
            style={
              Object {
                "alignItems": "center",
                "flex": 0.15,
                "justifyContent": "center",
              }
            }
          >
            <SvgMock
              style={
                Object {
                  "height": "90%",
                  "position": "absolute",
                  "width": "90%",
                }
              }
            />
            <View
              accessible={true}
              collapsable={false}
              focusable={true}
              onBlur={[Function]}
              onClick={[Function]}
              onFocus={[Function]}
              onResponderGrant={[Function]}
              onResponderMove={[Function]}
              onResponderRelease={[Function]}
              onResponderTerminate={[Function]}
              onResponderTerminationRequest={[Function]}
              onStartShouldSetResponder={[Function]}
              style={
                Object {
                  "height": "100%",
                  "width": "100%",
                }
              }
            />
          </View>
          <View
            style={
              Object {
                "alignItems": "center",
                "flex": 0.15,
                "justifyContent": "center",
              }
            }
          >
            <SvgMock
              style={
                Object {
                  "height": "90%",
                  "position": "absolute",
                  "width": "90%",
                }
              }
            />
            <View
              accessible={true}
              collapsable={false}
              focusable={true}
              onBlur={[Function]}
              onClick={[Function]}
              onFocus={[Function]}
              onResponderGrant={[Function]}
              onResponderMove={[Function]}
              onResponderRelease={[Function]}
              onResponderTerminate={[Function]}
              onResponderTerminationRequest={[Function]}
              onStartShouldSetResponder={[Function]}
              style={
                Object {
                  "height": "100%",
                  "width": "100%",
                }
              }
            />
          </View>
        </View>
      </View>
      <View
        style={
          Object {
            "flexDirection": "row",
            "height": 90,
            "justifyContent": "space-between",
            "width": "90%",
          }
        }
      >
        <View
          accessible={true}
          focusable={true}
          onClick={[Function]}
          onResponderGrant={[Function]}
          onResponderMove={[Function]}
          onResponderRelease={[Function]}
          onResponderTerminate={[Function]}
          onResponderTerminationRequest={[Function]}
          onStartShouldSetResponder={[Function]}
          style={
            Object {
              "height": "100%",
              "opacity": 1,
              "width": "45%",
            }
          }
        >
          <SvgMock />
        </View>
        <SvgMock
          style={
            Object {
              "opacity": 0.5,
            }
          }
          width="45%"
        />
      </View>
    </View>
    <View
      style={
        Object {
          "alignItems": "center",
          "flex": 0.25,
        }
      }
    />
  </RCTSafeAreaView>
</View>
`;
