// Jest Snapshot v1, https://goo.gl/fbAQLP

exports[`Exit Modal screen tests renders correctly 1`] = `
<View
  style={
    Object {
      "alignItems": "center",
      "flex": 1,
      "justifyContent": "center",
    }
  }
>
  <View
    style={
      Object {
        "backgroundColor": "#414042",
        "borderColor": "#000",
        "borderRadius": 20,
        "borderWidth": 2,
        "height": "50%",
        "overflow": "hidden",
        "width": "60%",
      }
    }
  >
    <View
      style={
        Object {
          "backgroundColor": "#0005",
          "borderBottomColor": "#000",
          "borderEndColor": "#000",
          "borderStartColor": "#bcbec0",
          "borderTopColor": "#bcbec0",
          "borderTopEndRadius": 20,
          "borderTopStartRadius": 20,
          "borderWidth": 2,
          "flex": 0.25,
          "flexDirection": "row",
          "padding": 4,
        }
      }
    >
      <View
        style={
          Object {
            "height": "100%",
            "marginEnd": 6,
            "width": "10%",
          }
        }
      >
        <SvgMock />
      </View>
      <Text
        style={
          Array [
            Object {
              "color": "#fff",
              "fontFamily": "Avenir",
              "fontSize": 16,
              "width": "100%",
            },
            Object {
              "fontFamily": "default",
              "fontSize": 50,
            },
          ]
        }
      >
        Hold up!
      </Text>
    </View>
    <View
      style={
        Object {
          "flex": 0.4,
          "padding": 10,
        }
      }
    >
      <Text
        style={
          Array [
            Object {
              "color": "#fff",
              "fontFamily": "Avenir",
              "fontSize": 16,
              "width": "100%",
            },
            Object {
              "color": "#bcbec0",
            },
          ]
        }
      >
        Are you sure you want to end the game? 
(All data will be lost.)
      </Text>
    </View>
    <View
      style={
        Object {
          "flex": 0.35,
          "flexDirection": "row",
          "justifyContent": "flex-end",
        }
      }
    >
      <View
        style={
          Object {
            "height": "80%",
            "width": "30%",
          }
        }
      >
        <SvgMock
          accessible={true}
          focusable={true}
          onClick={[Function]}
          onResponderGrant={[Function]}
          onResponderMove={[Function]}
          onResponderRelease={[Function]}
          onResponderTerminate={[Function]}
          onResponderTerminationRequest={[Function]}
          onStartShouldSetResponder={[Function]}
        />
      </View>
      <View
        style={
          Object {
            "height": "80%",
            "width": "30%",
          }
        }
      >
        <SvgMock
          accessible={true}
          focusable={true}
          onClick={[Function]}
          onResponderGrant={[Function]}
          onResponderMove={[Function]}
          onResponderRelease={[Function]}
          onResponderTerminate={[Function]}
          onResponderTerminationRequest={[Function]}
          onStartShouldSetResponder={[Function]}
        />
      </View>
    </View>
  </View>
</View>
`;
